       0        0        0
       1        0        1

       0        0 
           value  ------------- Distribution ------------- count    
              -1 |                                         0        
               0 |                                         0        
               1 |                                         0        


  69    0    0    0    0    0    0    0    0    0    0   69
  23    0    0    0    0    0    0    0    0    0   23    0
  11    0    0    0    0    0    0    0    0   11    0    0
   4    0    0    0    0    0    0    4    0    0    0    0
   9    0    0    0    0    9    9    0    0    0    0    0
  73    0    0   73    0    0    0    0    0    0    0    0
   3    0    3    0    0    0    0    0    0    0    0    0
  12   12    0    0    0    0    0    0    0    0    0    0

     246        0      246
     245      245        0

     246 
           value  ------------- Distribution ------------- count    
           < -10 |                                         0        
             -10 |                                         0        
              -9 |                                         0        
      246

