ABCDEFGHIJKLMNOPQRSTUVWXYZ
0123456789!
/STAIRWAY/TO/HEAVEN
AAAAAAAAAAAAAAAAAAAAAAAAA

