abcdefghijklmnopqrstuvwxyz
0123456789!
/stairway/to/heaven
aaaaaaaaaaaaaaaaaaaaaaaaaaaaaaa
